# serializer version: 1
# name: test_draft_preview_snapshot
  dict({
    'buttons': list([
      tuple(
        '📤 Save as draft',
        'APPROVE|draft',
      ),
      tuple(
        '💡 Improve reflection',
        'IMPROVE|reflection',
      ),
      tuple(
        '❌ Cancel',
        'CANCEL|draft',
      ),
    ]),
    'text': '''
      🩺 *Here is your Case-Based Discussion draft:*
      
      📅 *Date:* 17 Mar 2026
      🏥 *Clinical Setting:* Emergency Department
      🩺 *Patient Presentation:* Central chest pain with diaphoresis
      📈 *Stage of Training:* Higher/ST4-ST6
      👨‍⚕️ *Trainee Role:* I led the assessment with indirect supervision.
      
      🗒️ *Case to be discussed:*
      I treated the presentation as acute coronary syndrome and escalated early to cardiology.
      
      💭 *Reflection of event:*
      I would involve the cath lab team earlier if the ECG remains dynamic.
      
      🎚️ *Level of Supervision:* Indirect
      
      📚 *Curriculum:*
      • *SLO1 — Stable adult patients*
        ↳ KC1: assessing & managing adult patients
      • *SLO2 — Clinical questions & safe decisions*
        ↳ KC1: supporting the team's safe decisions
      💡 This reflection is brief. Tap 'Improve reflection' if you'd like to expand it.
      
      💬 Reply to refine this draft, or use the buttons below to save.
    ''',
  })
# ---
# name: test_form_recommendation_snapshot
  dict({
    'buttons': list([
      tuple(
        '✅ Use best fit: CBD',
        'FORM|best',
      ),
      tuple(
        '📋 ACAT',
        'FORM|ACAT',
      ),
      tuple(
        '📋 See all forms',
        'FORM|show_all',
      ),
      tuple(
        '❌ Cancel',
        'CANCEL|form',
      ),
    ]),
    'text': '''
      📋 Here are the forms that fit your case:
      
      - Case-Based Discussion: Best fit for a reflective clinical case. Strongest match for the main event.
      - Acute Care Assessment Tool: The case spans multiple patients across a shift.
      
      Tap "Use best fit" for a quick draft, or select a different form below.
    ''',
  })
# ---
# name: test_start_message_snapshot
  dict({
    'buttons': list([
    ]),
    'texts': list([
      '''
        🔗 Step 1 of 3: connect Kaizen
        
        What's your Kaizen username (email)?
        
        🔒 _I'll store it encrypted and use it only to connect to Kaizen and save drafts you approve._
      ''',
    ]),
  })
# ---
