# serializer version: 1
# name: test_draft_preview_snapshot
  dict({
    'buttons': list([
      tuple(
        '📤 Save as draft',
        'APPROVE|draft',
      ),
      tuple(
        '✨ Quick improve',
        'IMPROVE|reflection',
      ),
      tuple(
        '❌ Cancel',
        'CANCEL|draft',
      ),
    ]),
    'text': '''
      🩺 *Case-Based Discussion draft ready*
      Coach note: Reflection is short — Quick improve can flesh it out.
      
      📅 *Date:* 17 Mar 2026
      
      🏥 *Clinical Setting:* Emergency Department
      
      🩺 *Patient Presentation:* Central chest pain with diaphoresis
      
      📈 *Stage of Training:* Higher/ST4-ST6
      
      👨‍⚕️ *Trainee Role:* I led the assessment with indirect supervision.
      
      🗒️ *Case to be discussed:* I treated the presentation as acute coronary syndrome and escalated early to cardiology.
      
      💭 *Reflection of event:* I would involve the cath lab team earlier if the ECG remains dynamic.
      
      🎚️ *Level of Supervision:* Indirect
      
      📚 *Curriculum:*
      • *SLO1 — Stable adult patients*
        ↳ KC1: to be expert in assessing and…
      • *SLO3 — Clinical questions & decisions*
        ↳ KC1: able to support the pre-hospital, medical,…
      
      
      💬 Reply to refine this draft. Save or cancel before sending a new case.
    ''',
  })
# ---
# name: test_form_recommendation_snapshot
  dict({
    'buttons': list([
      tuple(
        '✅ Use best fit: CBD',
        'FORM|best',
      ),
      tuple(
        '📋 ACAT',
        'FORM|ACAT',
      ),
      tuple(
        '📋 See all forms',
        'FORM|show_all',
      ),
      tuple(
        '❌ Cancel',
        'CANCEL|form',
      ),
    ]),
    'text': '''
      Forms that fit your case:
      
      - Case-Based Discussion: Best fit for a reflective clinical case. Strongest fit because it matches the main event better than the alternative.
      - Acute Care Assessment Tool: The case spans multiple patients across a shift.
      
      Tap Use best fit for the fastest draft, or choose another form.
    ''',
  })
# ---
# name: test_start_message_snapshot
  dict({
    'buttons': list([
      tuple(
        '🔗 Connect Kaizen',
        'ACTION|setup',
      ),
    ]),
    'text': '''
      🩺 Portfolio Guru — RCEM portfolio drafts from rough notes.
      
      Send a case by text, voice, photo, or document. I’ll match it to the right form (CBD, DOPS, Mini-CEX, ACAT, reflections, teaching, procedurals, and more) and draft only after you choose.
      
      I won’t invent clinical detail. Missing fields stay blank, and nothing is filed until you approve it.
      
      Your Kaizen login is encrypted and used only to save drafts — never shared.
      
      Tap 🔗 Connect to start.
    ''',
  })
# ---
